// Jest Snapshot v1, https://goo.gl/fbAQLP

exports[`Pruebas en el <CounterApp/> Debe de mostrar <CounterApp /> correctamente 1`] = `
<Fragment>
  <h2>
    Bienvenido a CounterApp
  </h2>
  <p>
    100
  </p>
  <button
    onClick={[Function]}
  >
    +1
  </button>
  <button
    onClick={[Function]}
  >
    Reset
  </button>
  <button
    onClick={[Function]}
  >
    -1
  </button>
</Fragment>
`;
